---
http_interactions:
- request:
    method: get
    uri: https://apidataparliament.azure-api.net/search/description
    body:
      encoding: US-ASCII
      string: ''
    headers:
      Accept-Encoding:
      - gzip;q=1.0,deflate;q=0.6,identity;q=0.3
      Accept:
      - "*/*"
      - application/opensearchdescription+xml
      User-Agent:
      - Ruby
      Ocp-Apim-Subscription-Key:
      - "<AUTH_TOKEN>"
  response:
    status:
      code: 200
      message: OK
    headers:
      Cache-Control:
      - no-cache
      Pragma:
      - no-cache
      Transfer-Encoding:
      - chunked
      Content-Type:
      - application/opensearchdescription+xml
      Expires:
      - "-1"
      Request-Context:
      - appId=cid-v1:330aa411-57af-491f-b22a-1cab7d08a6a9
      Set-Cookie:
      - ARRAffinity=805c2491375cb99688705ea9b53fd3699437dea86054c9e040cc24406d1ad374;Path=/;HttpOnly;Domain=search201706210753.azurewebsites.net
      X-Aspnet-Version:
      - 4.0.30319
      X-Powered-By:
      - ASP.NET
      Date:
      - Fri, 28 Jul 2017 10:26:41 GMT
    body:
      encoding: UTF-8
      string: "<?xml version=\"1.0\"?>\r\n<OpenSearchDescription xmlns=\"http://a9.com/-/spec/opensearch/1.1/\">\r\n
        \ <ShortName>parliament.uk</ShortName>\r\n  <Description>UK Parliament website</Description>\r\n
        \ <Url template=\"https://apidataparliament.azure-api.net/search?q={searchTerms}&amp;start={startPage?}&amp;pagesize={count?}\"
        type=\"application/atom+xml\" />\r\n  <Url template=\"https://apidataparliament.azure-api.net/search?q={searchTerms}&amp;start={startPage?}&amp;pagesize={count?}\"
        type=\"application/rss+xml\" />\r\n  <Url template=\"https://apidataparliament.azure-api.net/search?q={searchTerms}&amp;start={startPage?}&amp;pagesize={count?}\"
        type=\"application/json\" />\r\n  <Url template=\"https://apidataparliament.azure-api.net/search?q={searchTerms}&amp;start={startPage?}&amp;pagesize={count?}\"
        type=\"text/json\" />\r\n  <Url template=\"https://apidataparliament.azure-api.net/search?q={searchTerms}&amp;start={startPage?}&amp;pagesize={count?}\"
        type=\"text/xml\" />\r\n  <Url template=\"https://apidataparliament.azure-api.net/search?q={searchTerms}&amp;start={startPage?}&amp;pagesize={count?}\"
        type=\"application/xml\" />\r\n</OpenSearchDescription>"
    http_version: 
  recorded_at: Fri, 28 Jul 2017 10:26:44 GMT
- request:
    method: get
    uri: https://apidataparliament.azure-api.net/search?pagesize=10&q=alert(document.cookie)&start=1
    body:
      encoding: US-ASCII
      string: ''
    headers:
      Accept-Encoding:
      - gzip;q=1.0,deflate;q=0.6,identity;q=0.3
      Accept:
      - "*/*"
      - application/atom+xml
      User-Agent:
      - Ruby
      Ocp-Apim-Subscription-Key:
      - "<AUTH_TOKEN>"
  response:
    status:
      code: 200
      message: OK
    headers:
      Cache-Control:
      - no-cache
      Pragma:
      - no-cache
      Content-Length:
      - '2136'
      Content-Type:
      - application/atom+xml
      Expires:
      - "-1"
      Vary:
      - Accept-Encoding
      Request-Context:
      - appId=cid-v1:330aa411-57af-491f-b22a-1cab7d08a6a9
      Set-Cookie:
      - ARRAffinity=805c2491375cb99688705ea9b53fd3699437dea86054c9e040cc24406d1ad374;Path=/;HttpOnly;Domain=search201706210753.azurewebsites.net
      X-Aspnet-Version:
      - 4.0.30319
      X-Powered-By:
      - ASP.NET
      Date:
      - Fri, 28 Jul 2017 10:26:41 GMT
    body:
      encoding: ASCII-8BIT
      string: "<?xml version=\"1.0\" encoding=\"utf-8\"?><feed xmlns=\"http://www.w3.org/2005/Atom\"><title
        type=\"text\"></title><id>uuid:30727062-4233-46c1-bb7e-e36d87a693cb;id=190</id><updated>2017-07-28T10:26:43Z</updated><author><name>parliament.uk</name></author><Query
        role=\"request\" searchTerms=\"alert(document.cookie)\" totalResults=\"2540\"
        count=\"10\" startIndex=\"1\" xmlns=\"http://a9.com/-/spec/opensearch/1.1/\"
        /><totalResults xmlns=\"http://a9.com/-/spec/opensearch/1.1/\">2540</totalResults><startIndex
        xmlns=\"http://a9.com/-/spec/opensearch/1.1/\">1</startIndex><entry><id>uuid:30727062-4233-46c1-bb7e-e36d87a693cb;id=191</id><title
        type=\"html\">Government publications (Command Papers) - UK Parliament</title><summary
        type=\"html\">Green Papers - government consultation &lt;b&gt;documents&lt;/b&gt;.
        Some government &lt;br&gt;\r\nresponses to Select Committee reports. Reports
        of Royal Commissions and &lt;br&gt;\r\nsome other&amp;nbsp;...</summary><updated>2017-07-28T10:26:43Z</updated><link
        rel=\"alternate\" href=\"http://www.parliament.uk/about/how/publications/government/\"
        /></entry><entry><id>uuid:30727062-4233-46c1-bb7e-e36d87a693cb;id=192</id><title
        type=\"html\">Millennials - Commons Library briefing - UK Parliament</title><summary
        type=\"html\">Apr 11, 2017 &lt;b&gt;...&lt;/b&gt; Millennials entered young
        adulthood in the midst of the 2008 financial crisis. The &lt;br&gt;\r\nimpact
        of this on their socio-economic outcomes as they have&amp;nbsp;...</summary><updated>2017-07-28T10:26:43Z</updated><link
        rel=\"alternate\" href=\"http://researchbriefings.parliament.uk/ResearchBriefing/Summary/CBP-7946\"
        /></entry><entry><id>uuid:30727062-4233-46c1-bb7e-e36d87a693cb;id=193</id><title
        type=\"html\">The Commons Library and its research service - UK Parliament</title><summary
        type=\"html\">The Library also includes the collection of &lt;b&gt;documents&lt;/b&gt;,
        known as deposited &lt;br&gt;\r\npapers, which MPs and ... News and &lt;b&gt;alerts&lt;/b&gt;
        ... Commons Library &lt;b&gt;document&lt;/b&gt; 25.</summary><updated>2017-07-28T10:26:43Z</updated><link
        rel=\"alternate\" href=\"https://www.parliament.uk/commons-library\" /></entry><entry><id>uuid:30727062-4233-46c1-bb7e-e36d87a693cb;id=194</id><title
        type=\"html\">New Enterprise Allowance - Commons Library briefing - UK ...</title><summary
        type=\"html\">Jun 12, 2017 &lt;b&gt;...&lt;/b&gt; The New Enterprise Allowance
        (NEA) is available to individuals claiming &lt;br&gt;\r\nJobseeker&amp;#39;s
        Allowance (JSA), Employment and Support Allowance&amp;nbsp;...</summary><updated>2017-07-28T10:26:43Z</updated><link
        rel=\"alternate\" href=\"http://researchbriefings.parliament.uk/ResearchBriefing/Summary/SN05878\"
        /></entry><entry><id>uuid:30727062-4233-46c1-bb7e-e36d87a693cb;id=195</id><title
        type=\"html\">Commons European Business Order Paper: Thursday 24 March ...</title><summary
        type=\"html\">The following list consists of European Union &lt;b&gt;Documents&lt;/b&gt;
        to be considered in .... &lt;br&gt;\r\n&lt;b&gt;Alert&lt;/b&gt; Mechanism
        Report 2016; Unnumbered European Union &lt;b&gt;Documents&lt;/b&gt;,&amp;nbsp;...</summary><updated>2017-07-28T10:26:43Z</updated><link
        rel=\"alternate\" href=\"https://www.publications.parliament.uk/pa/cm201516/cmeurobus/eb160324.htm\"
        /></entry><entry><id>uuid:30727062-4233-46c1-bb7e-e36d87a693cb;id=196</id><title
        type=\"html\">Research Briefings</title><summary type=\"html\">Accessibility
        &amp;middot; &lt;b&gt;Cookies&lt;/b&gt; &amp;middot; Email &lt;b&gt;alerts&lt;/b&gt;
        &amp;middot; RSS feeds &amp;middot; Contact us. Site search. Search&lt;br&gt;\r\n.
        Home &amp;middot; Parliamentary business. In this section. House of Commons
        &amp;middot; House of&amp;nbsp;...</summary><updated>2017-07-28T10:26:43Z</updated><link
        rel=\"alternate\" href=\"http://researchbriefings.parliament.uk/\" /></entry><entry><id>uuid:30727062-4233-46c1-bb7e-e36d87a693cb;id=197</id><title
        type=\"html\">&amp;#39;Access to Work&amp;#39; scheme for people with disabilities
        - Commons ...</title><summary type=\"html\">Jun 7, 2016 &lt;b&gt;...&lt;/b&gt;
        What is Access to Work? Access to Work provides practical advice and support
        to &lt;br&gt;\r\ndisabled people and their employers to help them overcome&amp;nbsp;...</summary><updated>2017-07-28T10:26:43Z</updated><link
        rel=\"alternate\" href=\"http://researchbriefings.parliament.uk/ResearchBriefing/Summary/SN06666\"
        /></entry><entry><id>uuid:30727062-4233-46c1-bb7e-e36d87a693cb;id=198</id><title
        type=\"html\">White Papers - Glossary page - UK Parliament</title><summary
        type=\"html\">White papers are policy &lt;b&gt;documents&lt;/b&gt; produced
        by the Government that set out &lt;br&gt;\r\ntheir proposals for future legislation.
        White Papers...</summary><updated>2017-07-28T10:26:43Z</updated><link rel=\"alternate\"
        href=\"http://www.parliament.uk/site-information/glossary/white-paper/\" /></entry><entry><id>uuid:30727062-4233-46c1-bb7e-e36d87a693cb;id=199</id><title
        type=\"html\">Publications - European Scrutiny Committee - UK Parliament</title><summary
        type=\"html\">Reports; Responses to Reports; Correspondence; Other material
        related to the &lt;br&gt;\r\nwork of the Committee. Oral and written evidence
        is on the relevant inquiry pages&lt;br&gt;\r\n&amp;nbsp;...</summary><updated>2017-07-28T10:26:43Z</updated><link
        rel=\"alternate\" href=\"http://www.parliament.uk/business/committees/committees-a-z/commons-select/european-scrutiny-committee/publications/\"
        /></entry><entry><id>uuid:30727062-4233-46c1-bb7e-e36d87a693cb;id=200</id><title
        type=\"html\">&lt;b&gt;Documents&lt;/b&gt; from the Parliamentary Archives
        for President Obama&amp;#39;s ...</title><summary type=\"html\">President
        Obama received a personal tour through the Royal Gallery where he &lt;br&gt;\r\nwas
        shown a display of &lt;b&gt;documents&lt;/b&gt; illustrating the change in
        relations between...</summary><updated>2017-07-28T10:26:43Z</updated><link
        rel=\"alternate\" href=\"http://www.parliament.uk/business/news/2011/may/us-president-address/parliamentary-archives-documents/\"
        /></entry></feed>"
    http_version: 
  recorded_at: Fri, 28 Jul 2017 10:26:45 GMT
- request:
    method: get
    uri: http://localhost:3030/houses
    body:
      encoding: US-ASCII
      string: ''
    headers:
      Accept-Encoding:
      - gzip;q=1.0,deflate;q=0.6,identity;q=0.3
      Accept:
      - "*/*"
      - application/n-triples
      User-Agent:
      - Ruby
      Ocp-Apim-Subscription-Key:
      - "<AUTH_TOKEN>"
  response:
    status:
      code: 200
      message: OK
    headers:
      Cache-Control:
      - public, must-revalidate, max-age=1443
      Content-Length:
      - '420'
      Content-Type:
      - application/n-triples
      Expires:
      - Fri, 28 Jul 2017 10:50:45 GMT
      Last-Modified:
      - Fri, 28 Jul 2017 10:20:45 GMT
      Vary:
      - Accept,Accept-Charset
      Set-Cookie:
      - ARRAffinity=805c2491375cb99688705ea9b53fd3699437dea86054c9e040cc24406d1ad374;Path=/;HttpOnly;Domain=fixedquery201706210753.azurewebsites.net
      X-Aspnet-Version:
      - 4.0.30319
      X-Powered-By:
      - ASP.NET
      Date:
      - Fri, 28 Jul 2017 10:26:41 GMT
    body:
      encoding: UTF-8
      string: "<http://id.ukpds.org/Kz7ncmrt> <http://www.w3.org/1999/02/22-rdf-syntax-ns#type>
        <http://id.ukpds.org/schema/House> .\r\n<http://id.ukpds.org/Kz7ncmrt> <http://id.ukpds.org/schema/houseName>
        \"houseName - 1\" .\r\n<http://id.ukpds.org/MvLURLV5> <http://www.w3.org/1999/02/22-rdf-syntax-ns#type>
        <http://id.ukpds.org/schema/House> .\r\n<http://id.ukpds.org/MvLURLV5> <http://id.ukpds.org/schema/houseName>
        \"houseName - 2\" .\r\n"
    http_version: 
  recorded_at: Fri, 28 Jul 2017 10:26:45 GMT
recorded_with: VCR 3.0.3
